../Core/Src/main.c:104:5:_write	24	static
../Core/Src/main.c:109:6:send_uart	24	static
../Core/Src/main.c:121:6:HAL_TIM_PeriodElapsedCallback	24	static
../Core/Src/main.c:145:6:HAL_UART_RxCpltCallback	16	static
../Core/Src/main.c:170:8:altitude	16	static
../Core/Src/main.c:189:5:main	16	static
../Core/Src/main.c:290:8:altitudeC	24	static
../Core/Src/main.c:302:6:paketolustur	56	static
../Core/Src/main.c:399:6:SystemClock_Config	88	static
../Core/Src/main.c:454:13:MX_I2C1_Init	8	static
../Core/Src/main.c:488:13:MX_SPI2_Init	8	static
../Core/Src/main.c:526:13:MX_TIM7_Init	16	static
../Core/Src/main.c:564:13:MX_USART1_UART_Init	8	static
../Core/Src/main.c:597:13:MX_USART2_UART_Init	8	static
../Core/Src/main.c:630:13:MX_USART3_UART_Init	8	static
../Core/Src/main.c:663:13:MX_GPIO_Init	48	static
../Core/Src/main.c:729:6:Error_Handler	4	static,ignoring_inline_asm
